<?xml version="1.0" encoding="utf-8" ?>
<results>
	<result idSite="1">
		<result date="2012-08-09">
			<nb_uniq_visitors>11</nb_uniq_visitors>
			<nb_users>0</nb_users>
			<nb_visits>11</nb_visits>
			<nb_actions>11</nb_actions>
			<nb_visits_converted>11</nb_visits_converted>
			<bounce_count>11</bounce_count>
			<sum_visit_length>0</sum_visit_length>
			<max_actions>1</max_actions>
			<bounce_rate>100%</bounce_rate>
			<nb_actions_per_visit>1</nb_actions_per_visit>
			<avg_time_on_site>0</avg_time_on_site>
			<comparisons>
				<row>
					<nb_uniq_visitors>0</nb_uniq_visitors>
					<nb_users>0</nb_users>
					<nb_visits>0</nb_visits>
					<nb_actions>0</nb_actions>
					<nb_visits_converted>0</nb_visits_converted>
					<bounce_count>0</bounce_count>
					<sum_visit_length>0</sum_visit_length>
					<max_actions>0</max_actions>
					<bounce_rate>0</bounce_rate>
					<nb_actions_per_visit>0</nb_actions_per_visit>
					<avg_time_on_site>0</avg_time_on_site>
					<nb_uniq_visitors_change>-100%</nb_uniq_visitors_change>
					<nb_users_change>0%</nb_users_change>
					<nb_visits_change>-100%</nb_visits_change>
					<nb_actions_change>-100%</nb_actions_change>
					<nb_visits_converted_change>-100%</nb_visits_converted_change>
					<bounce_count_change>-100%</bounce_count_change>
					<sum_visit_length_change>0%</sum_visit_length_change>
					<max_actions_change>-100%</max_actions_change>
					<bounce_rate_change>-100%</bounce_rate_change>
					<nb_actions_per_visit_change>-100%</nb_actions_per_visit_change>
					<avg_time_on_site_change>0%</avg_time_on_site_change>
					<compareSegment>browserCode%3D%3Dff</compareSegment>
					<comparePeriod>day</comparePeriod>
					<compareDate>2012-08-10</compareDate>
				</row>
				<row>
					<nb_uniq_visitors>0</nb_uniq_visitors>
					<nb_users>0</nb_users>
					<nb_visits>0</nb_visits>
					<nb_actions>0</nb_actions>
					<nb_visits_converted>0</nb_visits_converted>
					<bounce_count>0</bounce_count>
					<sum_visit_length>0</sum_visit_length>
					<max_actions>0</max_actions>
					<bounce_rate>0</bounce_rate>
					<nb_actions_per_visit>0</nb_actions_per_visit>
					<avg_time_on_site>0</avg_time_on_site>
					<nb_uniq_visitors_change>-100%</nb_uniq_visitors_change>
					<nb_users_change>0%</nb_users_change>
					<nb_visits_change>-100%</nb_visits_change>
					<nb_actions_change>-100%</nb_actions_change>
					<nb_visits_converted_change>-100%</nb_visits_converted_change>
					<bounce_count_change>-100%</bounce_count_change>
					<sum_visit_length_change>0%</sum_visit_length_change>
					<max_actions_change>-100%</max_actions_change>
					<bounce_rate_change>-100%</bounce_rate_change>
					<nb_actions_per_visit_change>-100%</nb_actions_per_visit_change>
					<avg_time_on_site_change>0%</avg_time_on_site_change>
					<compareSegment>browserCode%3D%3Dff</compareSegment>
					<comparePeriod>week</comparePeriod>
					<compareDate>2012-08-16</compareDate>
				</row>
				<row>
					<nb_uniq_visitors>3</nb_uniq_visitors>
					<nb_users>0</nb_users>
					<nb_visits>3</nb_visits>
					<nb_actions>3</nb_actions>
					<nb_visits_converted>3</nb_visits_converted>
					<bounce_count>3</bounce_count>
					<sum_visit_length>0</sum_visit_length>
					<max_actions>1</max_actions>
					<bounce_rate>1</bounce_rate>
					<nb_actions_per_visit>1</nb_actions_per_visit>
					<avg_time_on_site>0</avg_time_on_site>
					<nb_uniq_visitors_change>-72.7%</nb_uniq_visitors_change>
					<nb_users_change>0%</nb_users_change>
					<nb_visits_change>-72.7%</nb_visits_change>
					<nb_actions_change>-72.7%</nb_actions_change>
					<nb_visits_converted_change>-72.7%</nb_visits_converted_change>
					<bounce_count_change>-72.7%</bounce_count_change>
					<sum_visit_length_change>0%</sum_visit_length_change>
					<max_actions_change>0%</max_actions_change>
					<bounce_rate_change>0%</bounce_rate_change>
					<nb_actions_per_visit_change>0%</nb_actions_per_visit_change>
					<avg_time_on_site_change>0%</avg_time_on_site_change>
					<compareSegment>browserCode%3D%3Die</compareSegment>
					<comparePeriod>day</comparePeriod>
					<compareDate>2012-08-10</compareDate>
				</row>
				<row>
					<nb_uniq_visitors>1</nb_uniq_visitors>
					<nb_users>0</nb_users>
					<nb_visits>1</nb_visits>
					<nb_actions>1</nb_actions>
					<nb_visits_converted>1</nb_visits_converted>
					<bounce_count>1</bounce_count>
					<sum_visit_length>0</sum_visit_length>
					<max_actions>1</max_actions>
					<bounce_rate>1</bounce_rate>
					<nb_actions_per_visit>1</nb_actions_per_visit>
					<avg_time_on_site>0</avg_time_on_site>
					<nb_uniq_visitors_change>-90.9%</nb_uniq_visitors_change>
					<nb_users_change>0%</nb_users_change>
					<nb_visits_change>-90.9%</nb_visits_change>
					<nb_actions_change>-90.9%</nb_actions_change>
					<nb_visits_converted_change>-90.9%</nb_visits_converted_change>
					<bounce_count_change>-90.9%</bounce_count_change>
					<sum_visit_length_change>0%</sum_visit_length_change>
					<max_actions_change>0%</max_actions_change>
					<bounce_rate_change>0%</bounce_rate_change>
					<nb_actions_per_visit_change>0%</nb_actions_per_visit_change>
					<avg_time_on_site_change>0%</avg_time_on_site_change>
					<compareSegment>browserCode%3D%3Die</compareSegment>
					<comparePeriod>week</comparePeriod>
					<compareDate>2012-08-16</compareDate>
				</row>
			</comparisons>
		</result>
		<result date="2012-08-10">
			<nb_uniq_visitors>8</nb_uniq_visitors>
			<nb_users>0</nb_users>
			<nb_visits>8</nb_visits>
			<nb_actions>8</nb_actions>
			<nb_visits_converted>8</nb_visits_converted>
			<bounce_count>8</bounce_count>
			<sum_visit_length>0</sum_visit_length>
			<max_actions>1</max_actions>
			<bounce_rate>100%</bounce_rate>
			<nb_actions_per_visit>1</nb_actions_per_visit>
			<avg_time_on_site>0</avg_time_on_site>
			<comparisons>
				<row>
					<nb_uniq_visitors>0</nb_uniq_visitors>
					<nb_users>0</nb_users>
					<nb_visits>0</nb_visits>
					<nb_actions>0</nb_actions>
					<nb_visits_converted>0</nb_visits_converted>
					<bounce_count>0</bounce_count>
					<sum_visit_length>0</sum_visit_length>
					<max_actions>0</max_actions>
					<bounce_rate>0</bounce_rate>
					<nb_actions_per_visit>0</nb_actions_per_visit>
					<avg_time_on_site>0</avg_time_on_site>
					<nb_uniq_visitors_change>-100%</nb_uniq_visitors_change>
					<nb_users_change>0%</nb_users_change>
					<nb_visits_change>-100%</nb_visits_change>
					<nb_actions_change>-100%</nb_actions_change>
					<nb_visits_converted_change>-100%</nb_visits_converted_change>
					<bounce_count_change>-100%</bounce_count_change>
					<sum_visit_length_change>0%</sum_visit_length_change>
					<max_actions_change>-100%</max_actions_change>
					<bounce_rate_change>-100%</bounce_rate_change>
					<nb_actions_per_visit_change>-100%</nb_actions_per_visit_change>
					<avg_time_on_site_change>0%</avg_time_on_site_change>
					<compareSegment>browserCode%3D%3Dff</compareSegment>
					<comparePeriod>day</comparePeriod>
					<compareDate>2012-08-10</compareDate>
				</row>
				<row>
					<nb_uniq_visitors>0</nb_uniq_visitors>
					<nb_users>0</nb_users>
					<nb_visits>0</nb_visits>
					<nb_actions>0</nb_actions>
					<nb_visits_converted>0</nb_visits_converted>
					<bounce_count>0</bounce_count>
					<sum_visit_length>0</sum_visit_length>
					<max_actions>0</max_actions>
					<bounce_rate>0</bounce_rate>
					<nb_actions_per_visit>0</nb_actions_per_visit>
					<avg_time_on_site>0</avg_time_on_site>
					<nb_uniq_visitors_change>-100%</nb_uniq_visitors_change>
					<nb_users_change>0%</nb_users_change>
					<nb_visits_change>-100%</nb_visits_change>
					<nb_actions_change>-100%</nb_actions_change>
					<nb_visits_converted_change>-100%</nb_visits_converted_change>
					<bounce_count_change>-100%</bounce_count_change>
					<sum_visit_length_change>0%</sum_visit_length_change>
					<max_actions_change>-100%</max_actions_change>
					<bounce_rate_change>-100%</bounce_rate_change>
					<nb_actions_per_visit_change>-100%</nb_actions_per_visit_change>
					<avg_time_on_site_change>0%</avg_time_on_site_change>
					<compareSegment>browserCode%3D%3Dff</compareSegment>
					<comparePeriod>week</comparePeriod>
					<compareDate>2012-08-16</compareDate>
				</row>
				<row>
					<nb_uniq_visitors>3</nb_uniq_visitors>
					<nb_users>0</nb_users>
					<nb_visits>3</nb_visits>
					<nb_actions>3</nb_actions>
					<nb_visits_converted>3</nb_visits_converted>
					<bounce_count>3</bounce_count>
					<sum_visit_length>0</sum_visit_length>
					<max_actions>1</max_actions>
					<bounce_rate>1</bounce_rate>
					<nb_actions_per_visit>1</nb_actions_per_visit>
					<avg_time_on_site>0</avg_time_on_site>
					<nb_uniq_visitors_change>-62.5%</nb_uniq_visitors_change>
					<nb_users_change>0%</nb_users_change>
					<nb_visits_change>-62.5%</nb_visits_change>
					<nb_actions_change>-62.5%</nb_actions_change>
					<nb_visits_converted_change>-62.5%</nb_visits_converted_change>
					<bounce_count_change>-62.5%</bounce_count_change>
					<sum_visit_length_change>0%</sum_visit_length_change>
					<max_actions_change>0%</max_actions_change>
					<bounce_rate_change>0%</bounce_rate_change>
					<nb_actions_per_visit_change>0%</nb_actions_per_visit_change>
					<avg_time_on_site_change>0%</avg_time_on_site_change>
					<compareSegment>browserCode%3D%3Die</compareSegment>
					<comparePeriod>day</comparePeriod>
					<compareDate>2012-08-10</compareDate>
				</row>
				<row>
					<nb_uniq_visitors>1</nb_uniq_visitors>
					<nb_users>0</nb_users>
					<nb_visits>1</nb_visits>
					<nb_actions>1</nb_actions>
					<nb_visits_converted>1</nb_visits_converted>
					<bounce_count>1</bounce_count>
					<sum_visit_length>0</sum_visit_length>
					<max_actions>1</max_actions>
					<bounce_rate>1</bounce_rate>
					<nb_actions_per_visit>1</nb_actions_per_visit>
					<avg_time_on_site>0</avg_time_on_site>
					<nb_uniq_visitors_change>-87.5%</nb_uniq_visitors_change>
					<nb_users_change>0%</nb_users_change>
					<nb_visits_change>-87.5%</nb_visits_change>
					<nb_actions_change>-87.5%</nb_actions_change>
					<nb_visits_converted_change>-87.5%</nb_visits_converted_change>
					<bounce_count_change>-87.5%</bounce_count_change>
					<sum_visit_length_change>0%</sum_visit_length_change>
					<max_actions_change>0%</max_actions_change>
					<bounce_rate_change>0%</bounce_rate_change>
					<nb_actions_per_visit_change>0%</nb_actions_per_visit_change>
					<avg_time_on_site_change>0%</avg_time_on_site_change>
					<compareSegment>browserCode%3D%3Die</compareSegment>
					<comparePeriod>week</comparePeriod>
					<compareDate>2012-08-16</compareDate>
				</row>
			</comparisons>
		</result>
		<result date="2012-08-11">
			<nb_uniq_visitors>11</nb_uniq_visitors>
			<nb_users>1</nb_users>
			<nb_visits>11</nb_visits>
			<nb_actions>14</nb_actions>
			<nb_visits_converted>9</nb_visits_converted>
			<bounce_count>9</bounce_count>
			<sum_visit_length>305</sum_visit_length>
			<max_actions>3</max_actions>
			<bounce_rate>82%</bounce_rate>
			<nb_actions_per_visit>1.3</nb_actions_per_visit>
			<avg_time_on_site>28</avg_time_on_site>
			<comparisons>
				<row>
					<nb_uniq_visitors>0</nb_uniq_visitors>
					<nb_users>0</nb_users>
					<nb_visits>0</nb_visits>
					<nb_actions>0</nb_actions>
					<nb_visits_converted>0</nb_visits_converted>
					<bounce_count>0</bounce_count>
					<sum_visit_length>0</sum_visit_length>
					<max_actions>0</max_actions>
					<bounce_rate>0</bounce_rate>
					<nb_actions_per_visit>0</nb_actions_per_visit>
					<avg_time_on_site>0</avg_time_on_site>
					<nb_uniq_visitors_change>-100%</nb_uniq_visitors_change>
					<nb_users_change>-100%</nb_users_change>
					<nb_visits_change>-100%</nb_visits_change>
					<nb_actions_change>-100%</nb_actions_change>
					<nb_visits_converted_change>-100%</nb_visits_converted_change>
					<bounce_count_change>-100%</bounce_count_change>
					<sum_visit_length_change>-100%</sum_visit_length_change>
					<max_actions_change>-100%</max_actions_change>
					<bounce_rate_change>-100%</bounce_rate_change>
					<nb_actions_per_visit_change>-100%</nb_actions_per_visit_change>
					<avg_time_on_site_change>-100%</avg_time_on_site_change>
					<compareSegment>browserCode%3D%3Dff</compareSegment>
					<comparePeriod>day</comparePeriod>
					<compareDate>2012-08-10</compareDate>
				</row>
				<row>
					<nb_uniq_visitors>0</nb_uniq_visitors>
					<nb_users>0</nb_users>
					<nb_visits>0</nb_visits>
					<nb_actions>0</nb_actions>
					<nb_visits_converted>0</nb_visits_converted>
					<bounce_count>0</bounce_count>
					<sum_visit_length>0</sum_visit_length>
					<max_actions>0</max_actions>
					<bounce_rate>0</bounce_rate>
					<nb_actions_per_visit>0</nb_actions_per_visit>
					<avg_time_on_site>0</avg_time_on_site>
					<nb_uniq_visitors_change>-100%</nb_uniq_visitors_change>
					<nb_users_change>-100%</nb_users_change>
					<nb_visits_change>-100%</nb_visits_change>
					<nb_actions_change>-100%</nb_actions_change>
					<nb_visits_converted_change>-100%</nb_visits_converted_change>
					<bounce_count_change>-100%</bounce_count_change>
					<sum_visit_length_change>-100%</sum_visit_length_change>
					<max_actions_change>-100%</max_actions_change>
					<bounce_rate_change>-100%</bounce_rate_change>
					<nb_actions_per_visit_change>-100%</nb_actions_per_visit_change>
					<avg_time_on_site_change>-100%</avg_time_on_site_change>
					<compareSegment>browserCode%3D%3Dff</compareSegment>
					<comparePeriod>week</comparePeriod>
					<compareDate>2012-08-16</compareDate>
				</row>
				<row>
					<nb_uniq_visitors>3</nb_uniq_visitors>
					<nb_users>0</nb_users>
					<nb_visits>3</nb_visits>
					<nb_actions>3</nb_actions>
					<nb_visits_converted>3</nb_visits_converted>
					<bounce_count>3</bounce_count>
					<sum_visit_length>0</sum_visit_length>
					<max_actions>1</max_actions>
					<bounce_rate>1</bounce_rate>
					<nb_actions_per_visit>1</nb_actions_per_visit>
					<avg_time_on_site>0</avg_time_on_site>
					<nb_uniq_visitors_change>-72.7%</nb_uniq_visitors_change>
					<nb_users_change>-100%</nb_users_change>
					<nb_visits_change>-72.7%</nb_visits_change>
					<nb_actions_change>-78.6%</nb_actions_change>
					<nb_visits_converted_change>-66.7%</nb_visits_converted_change>
					<bounce_count_change>-66.7%</bounce_count_change>
					<sum_visit_length_change>-100%</sum_visit_length_change>
					<max_actions_change>-66.7%</max_actions_change>
					<bounce_rate_change>22%</bounce_rate_change>
					<nb_actions_per_visit_change>-23.1%</nb_actions_per_visit_change>
					<avg_time_on_site_change>-100%</avg_time_on_site_change>
					<compareSegment>browserCode%3D%3Die</compareSegment>
					<comparePeriod>day</comparePeriod>
					<compareDate>2012-08-10</compareDate>
				</row>
				<row>
					<nb_uniq_visitors>1</nb_uniq_visitors>
					<nb_users>0</nb_users>
					<nb_visits>1</nb_visits>
					<nb_actions>1</nb_actions>
					<nb_visits_converted>1</nb_visits_converted>
					<bounce_count>1</bounce_count>
					<sum_visit_length>0</sum_visit_length>
					<max_actions>1</max_actions>
					<bounce_rate>1</bounce_rate>
					<nb_actions_per_visit>1</nb_actions_per_visit>
					<avg_time_on_site>0</avg_time_on_site>
					<nb_uniq_visitors_change>-90.9%</nb_uniq_visitors_change>
					<nb_users_change>-100%</nb_users_change>
					<nb_visits_change>-90.9%</nb_visits_change>
					<nb_actions_change>-92.9%</nb_actions_change>
					<nb_visits_converted_change>-88.9%</nb_visits_converted_change>
					<bounce_count_change>-88.9%</bounce_count_change>
					<sum_visit_length_change>-100%</sum_visit_length_change>
					<max_actions_change>-66.7%</max_actions_change>
					<bounce_rate_change>22%</bounce_rate_change>
					<nb_actions_per_visit_change>-23.1%</nb_actions_per_visit_change>
					<avg_time_on_site_change>-100%</avg_time_on_site_change>
					<compareSegment>browserCode%3D%3Die</compareSegment>
					<comparePeriod>week</comparePeriod>
					<compareDate>2012-08-16</compareDate>
				</row>
			</comparisons>
		</result>
		<result date="2012-08-12" />
		<result date="2012-08-13" />
		<result date="2012-08-14" />
		<result date="2012-08-15">
			<nb_uniq_visitors>2</nb_uniq_visitors>
			<nb_users>0</nb_users>
			<nb_visits>2</nb_visits>
			<nb_actions>2</nb_actions>
			<nb_visits_converted>2</nb_visits_converted>
			<bounce_count>2</bounce_count>
			<sum_visit_length>0</sum_visit_length>
			<max_actions>1</max_actions>
			<bounce_rate>100%</bounce_rate>
			<nb_actions_per_visit>1</nb_actions_per_visit>
			<avg_time_on_site>0</avg_time_on_site>
			<comparisons>
				<row>
					<nb_uniq_visitors>0</nb_uniq_visitors>
					<nb_users>0</nb_users>
					<nb_visits>0</nb_visits>
					<nb_actions>0</nb_actions>
					<nb_visits_converted>0</nb_visits_converted>
					<bounce_count>0</bounce_count>
					<sum_visit_length>0</sum_visit_length>
					<max_actions>0</max_actions>
					<bounce_rate>0</bounce_rate>
					<nb_actions_per_visit>0</nb_actions_per_visit>
					<avg_time_on_site>0</avg_time_on_site>
					<nb_uniq_visitors_change>-100%</nb_uniq_visitors_change>
					<nb_users_change>0%</nb_users_change>
					<nb_visits_change>-100%</nb_visits_change>
					<nb_actions_change>-100%</nb_actions_change>
					<nb_visits_converted_change>-100%</nb_visits_converted_change>
					<bounce_count_change>-100%</bounce_count_change>
					<sum_visit_length_change>0%</sum_visit_length_change>
					<max_actions_change>-100%</max_actions_change>
					<bounce_rate_change>-100%</bounce_rate_change>
					<nb_actions_per_visit_change>-100%</nb_actions_per_visit_change>
					<avg_time_on_site_change>0%</avg_time_on_site_change>
					<compareSegment>browserCode%3D%3Dff</compareSegment>
					<comparePeriod>day</comparePeriod>
					<compareDate>2012-08-10</compareDate>
				</row>
				<row>
					<nb_uniq_visitors>0</nb_uniq_visitors>
					<nb_users>0</nb_users>
					<nb_visits>0</nb_visits>
					<nb_actions>0</nb_actions>
					<nb_visits_converted>0</nb_visits_converted>
					<bounce_count>0</bounce_count>
					<sum_visit_length>0</sum_visit_length>
					<max_actions>0</max_actions>
					<bounce_rate>0</bounce_rate>
					<nb_actions_per_visit>0</nb_actions_per_visit>
					<avg_time_on_site>0</avg_time_on_site>
					<nb_uniq_visitors_change>-100%</nb_uniq_visitors_change>
					<nb_users_change>0%</nb_users_change>
					<nb_visits_change>-100%</nb_visits_change>
					<nb_actions_change>-100%</nb_actions_change>
					<nb_visits_converted_change>-100%</nb_visits_converted_change>
					<bounce_count_change>-100%</bounce_count_change>
					<sum_visit_length_change>0%</sum_visit_length_change>
					<max_actions_change>-100%</max_actions_change>
					<bounce_rate_change>-100%</bounce_rate_change>
					<nb_actions_per_visit_change>-100%</nb_actions_per_visit_change>
					<avg_time_on_site_change>0%</avg_time_on_site_change>
					<compareSegment>browserCode%3D%3Dff</compareSegment>
					<comparePeriod>week</comparePeriod>
					<compareDate>2012-08-16</compareDate>
				</row>
				<row>
					<nb_uniq_visitors>3</nb_uniq_visitors>
					<nb_users>0</nb_users>
					<nb_visits>3</nb_visits>
					<nb_actions>3</nb_actions>
					<nb_visits_converted>3</nb_visits_converted>
					<bounce_count>3</bounce_count>
					<sum_visit_length>0</sum_visit_length>
					<max_actions>1</max_actions>
					<bounce_rate>1</bounce_rate>
					<nb_actions_per_visit>1</nb_actions_per_visit>
					<avg_time_on_site>0</avg_time_on_site>
					<nb_uniq_visitors_change>50%</nb_uniq_visitors_change>
					<nb_users_change>0%</nb_users_change>
					<nb_visits_change>50%</nb_visits_change>
					<nb_actions_change>50%</nb_actions_change>
					<nb_visits_converted_change>50%</nb_visits_converted_change>
					<bounce_count_change>50%</bounce_count_change>
					<sum_visit_length_change>0%</sum_visit_length_change>
					<max_actions_change>0%</max_actions_change>
					<bounce_rate_change>0%</bounce_rate_change>
					<nb_actions_per_visit_change>0%</nb_actions_per_visit_change>
					<avg_time_on_site_change>0%</avg_time_on_site_change>
					<compareSegment>browserCode%3D%3Die</compareSegment>
					<comparePeriod>day</comparePeriod>
					<compareDate>2012-08-10</compareDate>
				</row>
				<row>
					<nb_uniq_visitors>1</nb_uniq_visitors>
					<nb_users>0</nb_users>
					<nb_visits>1</nb_visits>
					<nb_actions>1</nb_actions>
					<nb_visits_converted>1</nb_visits_converted>
					<bounce_count>1</bounce_count>
					<sum_visit_length>0</sum_visit_length>
					<max_actions>1</max_actions>
					<bounce_rate>1</bounce_rate>
					<nb_actions_per_visit>1</nb_actions_per_visit>
					<avg_time_on_site>0</avg_time_on_site>
					<nb_uniq_visitors_change>-50%</nb_uniq_visitors_change>
					<nb_users_change>0%</nb_users_change>
					<nb_visits_change>-50%</nb_visits_change>
					<nb_actions_change>-50%</nb_actions_change>
					<nb_visits_converted_change>-50%</nb_visits_converted_change>
					<bounce_count_change>-50%</bounce_count_change>
					<sum_visit_length_change>0%</sum_visit_length_change>
					<max_actions_change>0%</max_actions_change>
					<bounce_rate_change>0%</bounce_rate_change>
					<nb_actions_per_visit_change>0%</nb_actions_per_visit_change>
					<avg_time_on_site_change>0%</avg_time_on_site_change>
					<compareSegment>browserCode%3D%3Die</compareSegment>
					<comparePeriod>week</comparePeriod>
					<compareDate>2012-08-16</compareDate>
				</row>
			</comparisons>
		</result>
		<result date="2012-08-16" />
	</result>
	<result idSite="2">
		<result date="2012-08-09" />
		<result date="2012-08-10" />
		<result date="2012-08-11" />
		<result date="2012-08-12" />
		<result date="2012-08-13" />
		<result date="2012-08-14" />
		<result date="2012-08-15">
			<nb_uniq_visitors>1</nb_uniq_visitors>
			<nb_users>0</nb_users>
			<nb_visits>1</nb_visits>
			<nb_actions>1</nb_actions>
			<nb_visits_converted>0</nb_visits_converted>
			<bounce_count>1</bounce_count>
			<sum_visit_length>0</sum_visit_length>
			<max_actions>1</max_actions>
			<bounce_rate>100%</bounce_rate>
			<nb_actions_per_visit>1</nb_actions_per_visit>
			<avg_time_on_site>0</avg_time_on_site>
			<comparisons>
				<row>
					<nb_uniq_visitors>0</nb_uniq_visitors>
					<nb_users>0</nb_users>
					<nb_visits>0</nb_visits>
					<nb_actions>0</nb_actions>
					<nb_visits_converted>0</nb_visits_converted>
					<bounce_count>0</bounce_count>
					<sum_visit_length>0</sum_visit_length>
					<max_actions>0</max_actions>
					<bounce_rate>0</bounce_rate>
					<nb_actions_per_visit>0</nb_actions_per_visit>
					<avg_time_on_site>0</avg_time_on_site>
					<nb_uniq_visitors_change>-100%</nb_uniq_visitors_change>
					<nb_users_change>0%</nb_users_change>
					<nb_visits_change>-100%</nb_visits_change>
					<nb_actions_change>-100%</nb_actions_change>
					<nb_visits_converted_change>0%</nb_visits_converted_change>
					<bounce_count_change>-100%</bounce_count_change>
					<sum_visit_length_change>0%</sum_visit_length_change>
					<max_actions_change>-100%</max_actions_change>
					<bounce_rate_change>-100%</bounce_rate_change>
					<nb_actions_per_visit_change>-100%</nb_actions_per_visit_change>
					<avg_time_on_site_change>0%</avg_time_on_site_change>
					<compareSegment>browserCode%3D%3Dff</compareSegment>
					<comparePeriod>day</comparePeriod>
					<compareDate>2012-08-10</compareDate>
				</row>
				<row>
					<nb_uniq_visitors>0</nb_uniq_visitors>
					<nb_users>0</nb_users>
					<nb_visits>0</nb_visits>
					<nb_actions>0</nb_actions>
					<nb_visits_converted>0</nb_visits_converted>
					<bounce_count>0</bounce_count>
					<sum_visit_length>0</sum_visit_length>
					<max_actions>0</max_actions>
					<bounce_rate>0</bounce_rate>
					<nb_actions_per_visit>0</nb_actions_per_visit>
					<avg_time_on_site>0</avg_time_on_site>
					<nb_uniq_visitors_change>-100%</nb_uniq_visitors_change>
					<nb_users_change>0%</nb_users_change>
					<nb_visits_change>-100%</nb_visits_change>
					<nb_actions_change>-100%</nb_actions_change>
					<nb_visits_converted_change>0%</nb_visits_converted_change>
					<bounce_count_change>-100%</bounce_count_change>
					<sum_visit_length_change>0%</sum_visit_length_change>
					<max_actions_change>-100%</max_actions_change>
					<bounce_rate_change>-100%</bounce_rate_change>
					<nb_actions_per_visit_change>-100%</nb_actions_per_visit_change>
					<avg_time_on_site_change>0%</avg_time_on_site_change>
					<compareSegment>browserCode%3D%3Dff</compareSegment>
					<comparePeriod>week</comparePeriod>
					<compareDate>2012-08-16</compareDate>
				</row>
				<row>
					<nb_uniq_visitors>0</nb_uniq_visitors>
					<nb_users>0</nb_users>
					<nb_visits>0</nb_visits>
					<nb_actions>0</nb_actions>
					<nb_visits_converted>0</nb_visits_converted>
					<bounce_count>0</bounce_count>
					<sum_visit_length>0</sum_visit_length>
					<max_actions>0</max_actions>
					<bounce_rate>0</bounce_rate>
					<nb_actions_per_visit>0</nb_actions_per_visit>
					<avg_time_on_site>0</avg_time_on_site>
					<nb_uniq_visitors_change>-100%</nb_uniq_visitors_change>
					<nb_users_change>0%</nb_users_change>
					<nb_visits_change>-100%</nb_visits_change>
					<nb_actions_change>-100%</nb_actions_change>
					<nb_visits_converted_change>0%</nb_visits_converted_change>
					<bounce_count_change>-100%</bounce_count_change>
					<sum_visit_length_change>0%</sum_visit_length_change>
					<max_actions_change>-100%</max_actions_change>
					<bounce_rate_change>-100%</bounce_rate_change>
					<nb_actions_per_visit_change>-100%</nb_actions_per_visit_change>
					<avg_time_on_site_change>0%</avg_time_on_site_change>
					<compareSegment>browserCode%3D%3Die</compareSegment>
					<comparePeriod>day</comparePeriod>
					<compareDate>2012-08-10</compareDate>
				</row>
				<row>
					<nb_uniq_visitors>0</nb_uniq_visitors>
					<nb_users>0</nb_users>
					<nb_visits>0</nb_visits>
					<nb_actions>0</nb_actions>
					<nb_visits_converted>0</nb_visits_converted>
					<bounce_count>0</bounce_count>
					<sum_visit_length>0</sum_visit_length>
					<max_actions>0</max_actions>
					<bounce_rate>0</bounce_rate>
					<nb_actions_per_visit>0</nb_actions_per_visit>
					<avg_time_on_site>0</avg_time_on_site>
					<nb_uniq_visitors_change>-100%</nb_uniq_visitors_change>
					<nb_users_change>0%</nb_users_change>
					<nb_visits_change>-100%</nb_visits_change>
					<nb_actions_change>-100%</nb_actions_change>
					<nb_visits_converted_change>0%</nb_visits_converted_change>
					<bounce_count_change>-100%</bounce_count_change>
					<sum_visit_length_change>0%</sum_visit_length_change>
					<max_actions_change>-100%</max_actions_change>
					<bounce_rate_change>-100%</bounce_rate_change>
					<nb_actions_per_visit_change>-100%</nb_actions_per_visit_change>
					<avg_time_on_site_change>0%</avg_time_on_site_change>
					<compareSegment>browserCode%3D%3Die</compareSegment>
					<comparePeriod>week</comparePeriod>
					<compareDate>2012-08-16</compareDate>
				</row>
			</comparisons>
		</result>
		<result date="2012-08-16" />
	</result>
	<result idSite="3">
		<result date="2012-08-09" />
		<result date="2012-08-10" />
		<result date="2012-08-11" />
		<result date="2012-08-12" />
		<result date="2012-08-13" />
		<result date="2012-08-14" />
		<result date="2012-08-15">
			<nb_uniq_visitors>2</nb_uniq_visitors>
			<nb_users>0</nb_users>
			<nb_visits>3</nb_visits>
			<nb_actions>5</nb_actions>
			<nb_visits_converted>0</nb_visits_converted>
			<bounce_count>2</bounce_count>
			<sum_visit_length>1</sum_visit_length>
			<max_actions>3</max_actions>
			<bounce_rate>67%</bounce_rate>
			<nb_actions_per_visit>1.7</nb_actions_per_visit>
			<avg_time_on_site>0</avg_time_on_site>
			<comparisons>
				<row>
					<nb_uniq_visitors>0</nb_uniq_visitors>
					<nb_users>0</nb_users>
					<nb_visits>0</nb_visits>
					<nb_actions>0</nb_actions>
					<nb_visits_converted>0</nb_visits_converted>
					<bounce_count>0</bounce_count>
					<sum_visit_length>0</sum_visit_length>
					<max_actions>0</max_actions>
					<bounce_rate>0</bounce_rate>
					<nb_actions_per_visit>0</nb_actions_per_visit>
					<avg_time_on_site>0</avg_time_on_site>
					<nb_uniq_visitors_change>-100%</nb_uniq_visitors_change>
					<nb_users_change>0%</nb_users_change>
					<nb_visits_change>-100%</nb_visits_change>
					<nb_actions_change>-100%</nb_actions_change>
					<nb_visits_converted_change>0%</nb_visits_converted_change>
					<bounce_count_change>-100%</bounce_count_change>
					<sum_visit_length_change>-100%</sum_visit_length_change>
					<max_actions_change>-100%</max_actions_change>
					<bounce_rate_change>-100%</bounce_rate_change>
					<nb_actions_per_visit_change>-100%</nb_actions_per_visit_change>
					<avg_time_on_site_change>0%</avg_time_on_site_change>
					<compareSegment>browserCode%3D%3Dff</compareSegment>
					<comparePeriod>day</comparePeriod>
					<compareDate>2012-08-10</compareDate>
				</row>
				<row>
					<nb_uniq_visitors>0</nb_uniq_visitors>
					<nb_users>0</nb_users>
					<nb_visits>0</nb_visits>
					<nb_actions>0</nb_actions>
					<nb_visits_converted>0</nb_visits_converted>
					<bounce_count>0</bounce_count>
					<sum_visit_length>0</sum_visit_length>
					<max_actions>0</max_actions>
					<bounce_rate>0</bounce_rate>
					<nb_actions_per_visit>0</nb_actions_per_visit>
					<avg_time_on_site>0</avg_time_on_site>
					<nb_uniq_visitors_change>-100%</nb_uniq_visitors_change>
					<nb_users_change>0%</nb_users_change>
					<nb_visits_change>-100%</nb_visits_change>
					<nb_actions_change>-100%</nb_actions_change>
					<nb_visits_converted_change>0%</nb_visits_converted_change>
					<bounce_count_change>-100%</bounce_count_change>
					<sum_visit_length_change>-100%</sum_visit_length_change>
					<max_actions_change>-100%</max_actions_change>
					<bounce_rate_change>-100%</bounce_rate_change>
					<nb_actions_per_visit_change>-100%</nb_actions_per_visit_change>
					<avg_time_on_site_change>0%</avg_time_on_site_change>
					<compareSegment>browserCode%3D%3Dff</compareSegment>
					<comparePeriod>week</comparePeriod>
					<compareDate>2012-08-16</compareDate>
				</row>
				<row>
					<nb_uniq_visitors>0</nb_uniq_visitors>
					<nb_users>0</nb_users>
					<nb_visits>0</nb_visits>
					<nb_actions>0</nb_actions>
					<nb_visits_converted>0</nb_visits_converted>
					<bounce_count>0</bounce_count>
					<sum_visit_length>0</sum_visit_length>
					<max_actions>0</max_actions>
					<bounce_rate>0</bounce_rate>
					<nb_actions_per_visit>0</nb_actions_per_visit>
					<avg_time_on_site>0</avg_time_on_site>
					<nb_uniq_visitors_change>-100%</nb_uniq_visitors_change>
					<nb_users_change>0%</nb_users_change>
					<nb_visits_change>-100%</nb_visits_change>
					<nb_actions_change>-100%</nb_actions_change>
					<nb_visits_converted_change>0%</nb_visits_converted_change>
					<bounce_count_change>-100%</bounce_count_change>
					<sum_visit_length_change>-100%</sum_visit_length_change>
					<max_actions_change>-100%</max_actions_change>
					<bounce_rate_change>-100%</bounce_rate_change>
					<nb_actions_per_visit_change>-100%</nb_actions_per_visit_change>
					<avg_time_on_site_change>0%</avg_time_on_site_change>
					<compareSegment>browserCode%3D%3Die</compareSegment>
					<comparePeriod>day</comparePeriod>
					<compareDate>2012-08-10</compareDate>
				</row>
				<row>
					<nb_uniq_visitors>1</nb_uniq_visitors>
					<nb_users>0</nb_users>
					<nb_visits>1</nb_visits>
					<nb_actions>1</nb_actions>
					<nb_visits_converted>0</nb_visits_converted>
					<bounce_count>1</bounce_count>
					<sum_visit_length>0</sum_visit_length>
					<max_actions>1</max_actions>
					<bounce_rate>1</bounce_rate>
					<nb_actions_per_visit>1</nb_actions_per_visit>
					<avg_time_on_site>0</avg_time_on_site>
					<nb_uniq_visitors_change>-50%</nb_uniq_visitors_change>
					<nb_users_change>0%</nb_users_change>
					<nb_visits_change>-66.7%</nb_visits_change>
					<nb_actions_change>-80%</nb_actions_change>
					<nb_visits_converted_change>0%</nb_visits_converted_change>
					<bounce_count_change>-50%</bounce_count_change>
					<sum_visit_length_change>-100%</sum_visit_length_change>
					<max_actions_change>-66.7%</max_actions_change>
					<bounce_rate_change>49.3%</bounce_rate_change>
					<nb_actions_per_visit_change>-41.2%</nb_actions_per_visit_change>
					<avg_time_on_site_change>0%</avg_time_on_site_change>
					<compareSegment>browserCode%3D%3Die</compareSegment>
					<comparePeriod>week</comparePeriod>
					<compareDate>2012-08-16</compareDate>
				</row>
			</comparisons>
		</result>
		<result date="2012-08-16" />
	</result>
</results>